Microchip MPLAB XC8 Compiler V2.45

Linker command line:

-W-3 --edf=E:\xc8 compiler\pic\dat\20230818022343_en.msgs -cn \
  -h+dist/default/production\PIC_METEO_STATION.X.production.sym \
  --cmf=dist/default/production\PIC_METEO_STATION.X.production.cmf -z \
  -Q16F877A -oC:\Users\pc\AppData\Local\Temp\xcAs1eo.\driver_tmp_3.o \
  --defsym=__MPLAB_BUILD=1 --fixupoverflow=error \
  -Mdist/default/production/PIC_METEO_STATION.X.production.map \
  --md=C:\Users\pc\AppData\Local\Temp\xcAs1eo.\driver_tmp_0.dat -E1 \
  -ver=XC8 Compiler --acfsm=1493 -ACODE=00h-07FFhx4 -ASTRCODE=00h-01FFFh \
  -ASTRING=00h-0FFhx32 -ACONST=00h-0FFhx32 -AENTRY=00h-0FFhx32 \
  -ACOMMON=070h-07Fh -ABANK0=020h-06Fh -ABANK1=0A0h-0EFh \
  -ABANK2=0110h-016Fh -ABANK3=0190h-01EFh \
  -ARAM=020h-06Fh,0A0h-0EFh,0110h-016Fh,0190h-01EFh \
  -AABS1=020h-07Fh,0A0h-0EFh,0110h-016Fh,0190h-01EFh -ASFR0=00h-01Fh \
  -ASFR1=080h-09Fh -ASFR2=0100h-010Fh -ASFR3=0180h-018Fh \
  -ACONFIG=02007h-02007h -DCONFIG=2 -AIDLOC=02000h-02003h -DIDLOC=2 \
  -AEEDATA=00h-0FFh/02100h -peeprom_data=EEDATA -DEEDATA=2 -DCODE=2 \
  -DSTRCODE=2 -DSTRING=2 -DCONST=2 -DENTRY=2 \
  -preset_vec=00h,intentry=04h,init,end_init -ppowerup=CODE -pcinit=CODE \
  -pfunctab=ENTRY -k \
  C:\Users\pc\AppData\Local\Temp\xcAs1eo.\driver_tmp_12.o \
  dist/default/production\PIC_METEO_STATION.X.production.o 

Object code version is 3.11

Machine type is 16F877A



                Name                               Link     Load   Length Selector   Space Scale
C:\Users\pc\AppData\Local\Temp\xcAs1eo.\driver_tmp_12.o
                end_init                              E        E        3        8       0
                reset_vec                             0        0        3        0       0
                config                             2007     2007        1        0       4
dist/default/production\PIC_METEO_STATION.X.production.o
                cinit                                11       11        D        8       0
                intentry                              4        4        A        8       0
                config                             2007     2007        1        0       4
                text9                               5EC      5EC       76        8       0
                text8                               6CC      6CC       39        8       0
                text7                               77D      77D        9        8       0
                text6                               705      705       33        8       0
                text5                               761      761       1C        8       0
                text4                               363      363      1CF        8       0
                text3                               738      738       29        8       0
                text2                                1E       1E      345        8       0
                text1                               532      532       BA        8       0
                maintext                            662      662       6A        8       0
                cstackBANK0                          20       20       28       20       1
                cstackCOMMON                         70       70        D       70       1
                clrtext                             786      786        8        8       0
                bssBANK1                             A0       A0       32       A0       1
                nvBANK0                              48       48        A       20       1

TOTAL           Name                               Link     Load   Length     Space
        CLASS   CODE           
                end_init                              E        E        3         0
                cinit                                11       11        D         0
                intentry                              4        4        A         0
                reset_vec                             0        0        3         0
                text9                               5EC      5EC       76         0
                text8                               6CC      6CC       39         0
                text7                               77D      77D        9         0
                text6                               705      705       33         0
                text5                               761      761       1C         0
                text4                               363      363      1CF         0
                text3                               738      738       29         0
                text2                                1E       1E      345         0
                text1                               532      532       BA         0
                maintext                            662      662       6A         0
                clrtext                             786      786        8         0

        CLASS   STRCODE        

        CLASS   STRING         

        CLASS   CONST          

        CLASS   ENTRY          

        CLASS   COMMON         
                cstackCOMMON                         70       70        D         1

        CLASS   BANK0          
                cstackBANK0                          20       20       28         1
                nvBANK0                              48       48        A         1

        CLASS   BANK1          
                bssBANK1                             A0       A0       32         1

        CLASS   BANK2          

        CLASS   BANK3          

        CLASS   RAM            

        CLASS   ABS1           
                abs_s1                               7E       7E        2         1

        CLASS   SFR0           

        CLASS   SFR1           

        CLASS   SFR2           

        CLASS   SFR3           

        CLASS   CONFIG         
                config                             2007     2007        1         4

        CLASS   IDLOC          

        CLASS   EEDATA         

        CLASS   HEAP           

        CLASS   STACK          



SEGMENTS        Name                           Load    Length   Top    Selector   Space  Class     Delta

                reset_vec                      000000  000003  000003         0       0  CODE        2
                intentry                       000004  00078A  00078E         8       0  CODE        2
                cstackBANK0                    000020  000032  000052        20       1  BANK0       1
                cstackCOMMON                   000070  00000D  00007D        70       1  COMMON      1
                bssBANK1                       0000A0  000032  0000D2        A0       1  BANK1       1


UNUSED ADDRESS RANGES

        Name                Unused          Largest block    Delta
        BANK0            0052-006F             1E           1
        BANK1            00D2-00EF             1E           1
        BANK2            0110-016F             60           1
        BANK3            0190-01EF             60           1
        CODE             0003-0003              1           2
                         078E-1FFF            800
        COMMON           007D-007D              1           1
        CONST            0003-0003              1           2
                         078E-1FFF            100
        EEDATA           2100-21FF            100           2
        ENTRY            0003-0003              1           2
                         078E-1FFF            100
        IDLOC            2000-2003              4           2
        RAM              0052-006F             1E           1
                         00D2-00EF             1E
                         0110-016F             60
                         0190-01EF             60
        SFR0             0000-001F             20           1
        SFR1             0080-009F             20           1
        SFR2             0100-010F             10           1
        SFR3             0180-018F             10           1
        STRCODE          0003-0003              1           2
                         078E-1FFF           1872
        STRING           0003-0003              1           2
                         078E-1FFF            100

                                  Symbol Table

?_ADC_Read               cstackBANK0  0020
?__Umul8_16              cstackBANK0  0020
?___fldiv                cstackBANK0  0020
?___flmul                cstackBANK0  002E
?___fltol                cstackCOMMON 0070
?___xxtofl               cstackBANK0  0020
ADC_Read@ANC             cstackBANK0  0023
I2C_Slave_Init@Address   cstackBANK0  0020
_ADCON0                  (abs)        001F
_ADCON0bits              (abs)        001F
_ADCON1                  (abs)        009F
_ADC_Init                text7        077D
_ADC_Read                text6        0705
_ADRESH                  (abs)        001E
_ADRESL                  (abs)        009E
_AN0RES                  nvBANK0      0050
_GO_DONE                 (abs)        00FA
_I2C_Slave_Init          text5        0761
_INTCONbits              (abs)        000B
_ISR                     text8        06CC
_PIE1bits                (abs)        008C
_PIR1bits                (abs)        000C
_PORTB                   (abs)        0006
_PORTBbits               (abs)        0006
_SSPADD                  (abs)        0093
_SSPBUF                  (abs)        0013
_SSPCON                  (abs)        0014
_SSPCON2                 (abs)        0091
_SSPCONbits              (abs)        0014
_SSPIF                   (abs)        0063
_SSPSTAT                 (abs)        0094
_SSPSTATbits             (abs)        0094
_TRISCbits               (abs)        0087
_Temperature             nvBANK0      004C
_Voltage                 nvBANK0      0048
__H__absolute__          __absolute__ 0000
__Habs1                  abs1         0000
__Hbank0                 bank0        0000
__Hbank1                 bank1        0000
__Hbank2                 bank2        0000
__Hbank3                 bank3        0000
__HbssBANK1              bssBANK1     0000
__Hcinit                 cinit        001E
__Hclrtext               clrtext      0000
__Hcode                  code         0000
__Hcommon                common       0000
__Hconfig                config       2008
__HcstackBANK0           cstackBANK0  0000
__HcstackCOMMON          cstackCOMMON 0000
__Heeprom_data           eeprom_data  0000
__Hend_init              end_init     0011
__Hfunctab               functab      0000
__Hheap                  heap         0000
__Hinit                  init         000E
__Hintentry              intentry     000E
__Hmaintext              maintext     0000
__HnvBANK0               nvBANK0      0000
__Hpowerup               powerup      0000
__Hram                   ram          0000
__Hreset_vec             reset_vec    0003
__Hsfr0                  sfr0         0000
__Hsfr1                  sfr1         0000
__Hsfr2                  sfr2         0000
__Hsfr3                  sfr3         0000
__Hspace_0               (abs)        078E
__Hspace_1               (abs)        00D2
__Hspace_2               (abs)        0000
__Hspace_3               (abs)        0000
__Hspace_4               (abs)        400F
__Hstack                 stack        0000
__Hstrings               strings      0000
__Htext                  text         0000
__L__absolute__          __absolute__ 0000
__Labs1                  abs1         0000
__Lbank0                 bank0        0000
__Lbank1                 bank1        0000
__Lbank2                 bank2        0000
__Lbank3                 bank3        0000
__LbssBANK1              bssBANK1     0000
__Lcinit                 cinit        0011
__Lclrtext               clrtext      0000
__Lcode                  code         0000
__Lcommon                common       0000
__Lconfig                config       0000
__LcstackBANK0           cstackBANK0  0000
__LcstackCOMMON          cstackCOMMON 0000
__Leeprom_data           eeprom_data  0000
__Lend_init              end_init     000E
__Lfunctab               functab      0000
__Lheap                  heap         0000
__Linit                  init         000E
__Lintentry              intentry     0004
__Lmaintext              maintext     0000
__LnvBANK0               nvBANK0      0000
__Lpowerup               powerup      0000
__Lram                   ram          0000
__Lreset_vec             reset_vec    0000
__Lsfr0                  sfr0         0000
__Lsfr1                  sfr1         0000
__Lsfr2                  sfr2         0000
__Lsfr3                  sfr3         0000
__Lspace_0               (abs)        0000
__Lspace_1               (abs)        0000
__Lspace_2               (abs)        0000
__Lspace_3               (abs)        0000
__Lspace_4               (abs)        0000
__Lstack                 stack        0000
__Lstrings               strings      0000
__Ltext                  text         0000
__S0                     (abs)        078E
__S1                     (abs)        00D2
__S3                     (abs)        0000
__Umul8_16               text3        0738
__Umul8_16@multiplicand  cstackBANK0  0020
__Umul8_16@multiplier    cstackBANK0  0028
__Umul8_16@product       cstackBANK0  0024
__Umul8_16@word_mpld     cstackBANK0  0026
___fldiv                 text4        0363
___fldiv@a               cstackBANK0  0020
___fldiv@aexp            cstackBANK0  0039
___fldiv@b               cstackBANK0  0024
___fldiv@bexp            cstackBANK0  0038
___fldiv@grs             cstackBANK0  0034
___fldiv@new_exp         cstackBANK0  0032
___fldiv@rem             cstackBANK0  002D
___fldiv@sign            cstackBANK0  0031
___flmul                 text2        001E
___flmul@a               cstackBANK0  0032
___flmul@aexp            cstackBANK0  0040
___flmul@b               cstackBANK0  002E
___flmul@bexp            cstackBANK0  0041
___flmul@grs             cstackBANK0  003C
___flmul@prod            cstackBANK0  0042
___flmul@sign            cstackBANK0  003B
___flmul@temp            cstackBANK0  0046
___fltol                 text9        05EC
___fltol@exp1            cstackCOMMON 0079
___fltol@f1              cstackCOMMON 0070
___fltol@sign1           cstackCOMMON 0078
___heap_hi               (abs)        0000
___heap_lo               (abs)        0000
___int_sp                stack        0000
___int_stack_hi          stack        0000
___int_stack_lo          stack        0000
___latbits               (abs)        0002
___sp                    stack        0000
___stack_hi              stack        0000
___stack_lo              stack        0000
___stackhi               (abs)        0000
___stacklo               (abs)        0000
___xxtofl                text1        0532
___xxtofl@arg            cstackBANK0  002A
___xxtofl@exp            cstackBANK0  0029
___xxtofl@sign           cstackBANK0  0028
___xxtofl@val            cstackBANK0  0020
__end_of_ADC_Init        text7        0786
__end_of_ADC_Read        text6        0738
__end_of_I2C_Slave_Init  text5        077D
__end_of_ISR             text8        0705
__end_of__Umul8_16       text3        0761
__end_of___fldiv         text4        0532
__end_of___flmul         text2        0363
__end_of___fltol         text9        0662
__end_of___xxtofl        text1        05EC
__end_of__initialization cinit        001A
__end_of_main            maintext     06CC
__initialization         cinit        0011
__pbssBANK1              bssBANK1     00A0
__pcstackBANK0           cstackBANK0  0020
__pcstackCOMMON          cstackCOMMON 0070
__pintentry              intentry     0004
__pmaintext              maintext     0662
__pnvBANK0               nvBANK0      0048
__ptext1                 text1        0532
__ptext2                 text2        001E
__ptext3                 text3        0738
__ptext4                 text4        0363
__ptext5                 text5        0761
__ptext6                 text6        0705
__ptext7                 text7        077D
__ptext8                 text8        06CC
__ptext9                 text9        05EC
_main                    maintext     0662
btemp                    (abs)        007E
clear_ram0               clrtext      0786
end_of_initialization    cinit        001A
interrupt_function       intentry     0004
intlevel0                functab      0000
intlevel1                functab      0000
intlevel2                functab      0000
intlevel3                functab      0000
intlevel4                functab      0000
intlevel5                functab      0000
reset_vec                reset_vec    0000
saved_w                  (abs)        007E
start                    init         000E
start_initialization     cinit        0011
wtemp0                   (abs)        007E


MODULE INFORMATION

Module		Function		Class		Link	Load	Size
E:\xc8 compiler\pic\sources\c99\common\fltol.c
		___fltol       		CODE           	05EC	0000	118

E:\xc8 compiler\pic\sources\c99\common\fltol.c estimated size: 118

E:\xc8 compiler\pic\sources\c99\common\sprcmul.c
		___flmul       		CODE           	001E	0000	837

E:\xc8 compiler\pic\sources\c99\common\sprcmul.c estimated size: 837

E:\xc8 compiler\pic\sources\c99\common\sprcdiv.c
		___fldiv       		CODE           	0363	0000	463

E:\xc8 compiler\pic\sources\c99\common\sprcdiv.c estimated size: 463

E:\xc8 compiler\pic\sources\c99\common\xxtofl.c
		___xxtofl      		CODE           	0532	0000	186

E:\xc8 compiler\pic\sources\c99\common\xxtofl.c estimated size: 186

E:\xc8 compiler\pic\sources\c99\common\Umul8_16.c
		__Umul8_16     		CODE           	0738	0000	41

E:\xc8 compiler\pic\sources\c99\common\Umul8_16.c estimated size: 41

shared
		__initialization		CODE           	0011	0000	9

shared estimated size: 9

main.c
		_ISR           		CODE           	06CC	0000	57
		_main          		CODE           	0662	0000	106
		_I2C_Slave_Init		CODE           	0761	0000	28
		_ADC_Read      		CODE           	0705	0000	51
		_ADC_Init      		CODE           	077D	0000	9

main.c estimated size: 251

